<html>
	<head><script type="text/javascript" src="resources/org.apache.wicket.markup.html.WicketEventReference/wicket-event.js"></script>
<script type="text/javascript" src="resources/org.apache.wicket.ajax.WicketAjaxReference/wicket-ajax.js"></script>
<script type="text/javascript" src="resources/org.apache.wicket.ajax.AbstractDefaultAjaxBehavior/wicket-ajax-debug.js"></script>
<script type="text/javascript" id="wicket-ajax-debug-enable"><!--/*--><![CDATA[/*><!--*/
wicketAjaxDebugEnable=true;
/*-->]]>*/</script>

</head><body>
		<form wicket:id="form" id="form1" method="post" action="?wicket:interface=:0:form::IFormSubmitListener::"><div style="display:none"><input type="hidden" name="form1_hf_0" id="form1_hf_0" /></div>
			<input type="text" wicket:id="txt1" value="foo" name="txt1"/>
			<input type="text" wicket:id="txt2" value="bar" name="txt2"/>
			<input type="submit" value="Submit" wicket:id="submit" name=":submit" id="submit2" onclick="var wcall=wicketSubmitFormById('form1', '?wicket:interface=:0:form:submit::IActivePageBehaviorListener:0:&amp;wicket:ignoreIfNotActive=true', ':submit' ,function() { }.bind(this),function() { }.bind(this), function() {return Wicket.$$(this)&amp;&amp;Wicket.$$('form1')}.bind(this));;; return false;"/>
		</form>	
	</body>
</html>