<html>
	<head><script type="text/javascript" src="resources/org.apache.wicket.markup.html.WicketEventReference/wicket-event.js"></script>
<script type="text/javascript" src="resources/org.apache.wicket.ajax.WicketAjaxReference/wicket-ajax.js"></script>
<script type="text/javascript" src="resources/org.apache.wicket.ajax.AbstractDefaultAjaxBehavior/wicket-ajax-debug.js"></script>
<script type="text/javascript" id="wicket-ajax-debug-enable"><!--/*--><![CDATA[/*><!--*/
wicketAjaxDebugEnable=true;
/*-->]]>*/</script>

</head><body>
		<form wicket:id="form" id="form1" method="post" action="?wicket:interface=:0:form::IFormSubmitListener::"><div style="display:none"><input type="hidden" name="form1_hf_0" id="form1_hf_0" /></div>
			<input type="text" wicket:id="field" value="" name="field" id="field2" onchange="var wcall=wicketAjaxPost('?wicket:interface=:0:form:field::IBehaviorListener:0:', wicketSerialize(Wicket.$('field2')),function() { }.bind(this),function() { }.bind(this), function() {return Wicket.$('field2') != null;}.bind(this));"/><script type="text/javascript"><!--/*--><![CDATA[/*><!--*/
new Wicket.ChangeHandler('field2');
/*-->]]>*/</script>

	
			<select wicket:id="dropDown" name="dropDown" id="dropDown3" onchange="var wcall=wicketAjaxPost('?wicket:interface=:0:form:dropDown::IBehaviorListener:0:', wicketSerialize(Wicket.$('dropDown3')),function() { }.bind(this),function() { }.bind(this), function() {return Wicket.$('dropDown3') != null;}.bind(this));">
<option selected="selected" value="">Choose One</option>
</select>
		</form>			
	</body>
</html>