<html>
<head><script type="text/javascript" src="resources/org.apache.wicket.markup.html.WicketEventReference/wicket-event.js"></script>
<script type="text/javascript" src="resources/org.apache.wicket.ajax.WicketAjaxReference/wicket-ajax.js"></script>
<script type="text/javascript" src="resources/org.apache.wicket.ajax.AbstractDefaultAjaxBehavior/wicket-ajax-debug.js"></script>
<script type="text/javascript" id="wicket-ajax-debug-enable">
wicketAjaxDebugEnable=true;
</script>

<script type="text/javascript" >
Wicket.Event.add(window, "domready", function(event) { test1();;});
</script>

<script type="text/javascript" >
Wicket.Event.add(window, "domready", function(event) { test2();;});
</script>

</head><body>
<a href="?wicket:interface=:0:test::ILinkListener::" wicket:id="test" id="test1" onclick="var wcall=wicketAjaxGet('?wicket:interface=:0:test::IBehaviorListener:0:',function() { }.bind(this),function() { }.bind(this), function() {return Wicket.$('test1') != null;}.bind(this));return !wcall;">Test</a>
</body>
</html>