<html>
<body>
	<form wicket:id="formpost" id="formpost1" method="post" action="?wicket:interface=:0:formpost::IFormSubmitListener::"><div style="width:0px;height:0px;position:absolute;left:-100px;top:-100px;overflow:hidden"><input type="hidden" name="formpost1_hf_0" id="formpost1_hf_0" /></div></form>
	<form wicket:id="formget" id="formget2" method="get" action=""><div style="width:0px;height:0px;position:absolute;left:-100px;top:-100px;overflow:hidden"><input type="hidden" name="formget2_hf_0" id="formget2_hf_0" /><input type="hidden" name="wicket:interface" value=":0:formget::IFormSubmitListener::" /></div></form>
</body>
</html>
