<html>
<head><title>CheckGroupTestPage1</title></head>
<body>
    <!--  In addition test that chars are not converted from upper to lower and vice versa -->
	<FORM wicket:id="form" id="form1" method="post" action="?wicket:interface=:0:form::IFormSubmitListener::"><div style="display:none"><input type="hidden" name="form1_hf_0" id="form1_hf_0" /></div>
		<span wicket:id="group">
			<Input type="checkbox" wicket:id="check1" id="check12" name="group" value="check1" checked="checked" disabled="disabled" class="wicket-group3">check1</input>
			<span wicket:id="container">
				<input type="checkbox" wicket:id="check2" id="check24" name="group" value="check2" checked="checked" disabled="disabled" class="wicket-group3">check2</input>
			</span>
		</span>
	</FORM>
</body>
</html>
