<html>
<head><title>CheckGroupTestPage4</title></head>
<body>
	<form wicket:id="form" id="form10" method="post" action="?wicket:interface=:3:form::IFormSubmitListener::"><div style="display:none"><input type="hidden" name="form10_hf_0" id="form10_hf_0" /></div>
		
			<input type="checkbox" wicket:id="check1" id="groupd-check1e" name="group" value="check1" checked="checked">check1</input>
			<span wicket:id="container">
				<input type="checkbox" wicket:id="check2" id="groupd-check2f" name="group" value="check2" checked="checked">check2</input>
			</span>
		
	</form>
</body>
</html>
