<html>
<head><title>CheckGroupTestPage2</title></head>
<body>
	<form wicket:id="form" id="form5" method="post" action="?wicket:interface=:1:form::IFormSubmitListener::"><div style="display:none"><input type="hidden" name="form5_hf_0" id="form5_hf_0" /></div>
		
			<input type="checkbox" wicket:id="check1" id="check16" name="group" value="check1" checked="checked" class="wicket-group7">check1</input>
			<span wicket:id="container">
				<input type="checkbox" wicket:id="check2" id="check28" name="group" value="check2" class="wicket-group7">check2</input>
			</span>
		
	</form>
</body>
</html>
