<html>
<head><title>CheckGroupTestPage1</title></head>
<body>
    <!--  In addition test that chars are not converted from upper to lower and vice versa -->
	<FORM wicket:id="form" id="form4" method="post" action="?wicket:interface=:0:form::IFormSubmitListener::"><div style="display:none"><input type="hidden" name="form4_hf_0" id="form4_hf_0" /></div>
		
			<Input type="checkbox" wicket:id="check1" id="group1-check12" name="group" value="check1">check1</input>
			<span wicket:id="container">
				<input type="checkbox" wicket:id="check2" id="group1-check23" name="group" value="check2">check2</input>
			</span>
		
	</FORM>
</body>
</html>
