<html>
<head><title>RadioGroupTestPage1</title></head>
<body>
	<form wicket:id="form" id="form4" method="post" action="?wicket:interface=:0:form::IFormSubmitListener::"><div style="display:none"><input type="hidden" name="form4_hf_0" id="form4_hf_0" /></div>
		<span wicket:id="group">
			<input type="radio" wicket:id="radio1" id="group1-radio12" name="group" value="radio1" disabled="disabled">radio1</input>
			<span wicket:id="container">
				<input type="radio" wicket:id="radio2" id="group1-radio23" name="group" value="radio2" checked="checked" disabled="disabled">radio2</input>
			</span>
		</span>
	</form>
</body>
</html>
